<?xml version="1.0" encoding="UTF-8"?>
<TestRun id="d97f299e-ff65-40d3-aabb-167e35e3320c" name="Marcos Dósea@SONY-VAIO 2013-06-20 22:37:16" runUser="SONY-VAIO\Marcos Dósea" xmlns="http://microsoft.com/schemas/VisualStudio/TeamTest/2010">
  <TestSettings name="Default Test Settings" id="c1b236e5-2719-4bd7-94e7-d503d1a93fcf">
    <Deployment runDeploymentRoot="Marcos Dósea_SONY-VAIO 2013-06-20 22_37_16">
      <DeploymentItem filename="D:\virtualpatient\trunk\Codigo\PacienteVirtual - Update base pelo VS2010\PacienteVirtual\bin\PacienteVirtual.dll" />
    </Deployment>
    <Execution>
      <TestTypeSpecific />
      <AgentRule name="Execution Agents">
      </AgentRule>
    </Execution>
  </TestSettings>
  <Times creation="2013-06-20T22:37:16.6355105-03:00" queuing="2013-06-20T22:37:18.8656381-03:00" start="2013-06-20T22:37:18.9236414-03:00" finish="2013-06-20T22:37:20.6497401-03:00" />
  <ResultSummary outcome="Warning">
    <Counters total="2" executed="2" passed="2" error="0" failed="0" timeout="0" aborted="0" inconclusive="0" passedButRunAborted="0" notRunnable="0" notExecuted="0" disconnected="0" warning="0" completed="0" inProgress="0" pending="0" />
    <RunInfos>
      <RunInfo computerName="SONY-VAIO" outcome="Warning" timestamp="2013-06-20T22:37:17.2695468-03:00">
        <Text>Warning: conflict during test run deployment: deployment item 'd:\virtualpatient\trunk\codigo\pacientevirtual - update base pelo vs2010\pacientevirtual.tests\bin\debug\PacienteVirtual.dll' directly or indirectly referenced by the test container 'd:\virtualpatient\trunk\codigo\pacientevirtual - update base pelo vs2010\pacientevirtual.tests\bin\debug\pacientevirtual.tests.dll' cannot be deployed to 'PacienteVirtual.dll' because otherwise the file 'd:\virtualpatient\trunk\codigo\pacientevirtual - update base pelo vs2010\pacientevirtual.tests\bin\debug\PacienteVirtual.dll' would overwrite deployment item 'D:\virtualpatient\trunk\Codigo\PacienteVirtual - Update base pelo VS2010\PacienteVirtual\bin\PacienteVirtual.dll' directly or indirectly referenced by D:\virtualpatient\trunk\Codigo\PacienteVirtual - Update base pelo VS2010\PacienteVirtual.Tests\bin\Debug\PacienteVirtual.Tests.dll.</Text>
      </RunInfo>
    </RunInfos>
  </ResultSummary>
  <TestDefinitions>
    <UnitTest name="About" storage="d:\virtualpatient\trunk\codigo\pacientevirtual - update base pelo vs2010\pacientevirtual.tests\bin\debug\pacientevirtual.tests.dll" id="a78c22cf-0469-7810-bc17-f7279b0a12e1">
      <Execution id="d60a6ef4-9787-4bca-b91a-8565c0af715b" />
      <TestMethod codeBase="D:/virtualpatient/trunk/Codigo/PacienteVirtual - Update base pelo VS2010/PacienteVirtual.Tests/bin/Debug/PacienteVirtual.Tests.DLL" adapterTypeName="Microsoft.VisualStudio.TestTools.TestTypes.Unit.UnitTestAdapter, Microsoft.VisualStudio.QualityTools.Tips.UnitTest.Adapter, Version=10.0.0.0, Culture=neutral, PublicKeyToken=b03f5f7f11d50a3a" className="PacienteVirtual.Tests.Controllers.HomeControllerTest, PacienteVirtual.Tests, Version=1.0.0.0, Culture=neutral, PublicKeyToken=null" name="About" />
    </UnitTest>
    <UnitTest name="Index" storage="d:\virtualpatient\trunk\codigo\pacientevirtual - update base pelo vs2010\pacientevirtual.tests\bin\debug\pacientevirtual.tests.dll" id="1d311554-5af1-43ff-3772-537e9ce0a1f8">
      <Execution id="64413832-9716-4824-8d1c-7cc0151abc13" />
      <TestMethod codeBase="D:/virtualpatient/trunk/Codigo/PacienteVirtual - Update base pelo VS2010/PacienteVirtual.Tests/bin/Debug/PacienteVirtual.Tests.DLL" adapterTypeName="Microsoft.VisualStudio.TestTools.TestTypes.Unit.UnitTestAdapter, Microsoft.VisualStudio.QualityTools.Tips.UnitTest.Adapter, Version=10.0.0.0, Culture=neutral, PublicKeyToken=b03f5f7f11d50a3a" className="PacienteVirtual.Tests.Controllers.HomeControllerTest, PacienteVirtual.Tests, Version=1.0.0.0, Culture=neutral, PublicKeyToken=null" name="Index" />
    </UnitTest>
  </TestDefinitions>
  <TestLists>
    <TestList name="Results Not in a List" id="8c84fa94-04c1-424b-9868-57a2d4851a1d" />
    <TestList name="All Loaded Results" id="19431567-8539-422a-85d7-44ee4e166bda" />
  </TestLists>
  <TestEntries>
    <TestEntry testId="1d311554-5af1-43ff-3772-537e9ce0a1f8" executionId="64413832-9716-4824-8d1c-7cc0151abc13" testListId="8c84fa94-04c1-424b-9868-57a2d4851a1d" />
    <TestEntry testId="a78c22cf-0469-7810-bc17-f7279b0a12e1" executionId="d60a6ef4-9787-4bca-b91a-8565c0af715b" testListId="8c84fa94-04c1-424b-9868-57a2d4851a1d" />
  </TestEntries>
  <Results>
    <UnitTestResult executionId="64413832-9716-4824-8d1c-7cc0151abc13" testId="1d311554-5af1-43ff-3772-537e9ce0a1f8" testName="Index" computerName="SONY-VAIO" duration="00:00:00.2212918" startTime="2013-06-20T22:37:19.0236471-03:00" endTime="2013-06-20T22:37:20.5537346-03:00" testType="13cdc9d9-ddb5-4fa4-a97d-d965ccfc6d4b" outcome="Passed" testListId="8c84fa94-04c1-424b-9868-57a2d4851a1d" relativeResultsDirectory="64413832-9716-4824-8d1c-7cc0151abc13">
    </UnitTestResult>
    <UnitTestResult executionId="d60a6ef4-9787-4bca-b91a-8565c0af715b" testId="a78c22cf-0469-7810-bc17-f7279b0a12e1" testName="About" computerName="SONY-VAIO" duration="00:00:00.0003207" startTime="2013-06-20T22:37:20.5707356-03:00" endTime="2013-06-20T22:37:20.5747358-03:00" testType="13cdc9d9-ddb5-4fa4-a97d-d965ccfc6d4b" outcome="Passed" testListId="8c84fa94-04c1-424b-9868-57a2d4851a1d" relativeResultsDirectory="d60a6ef4-9787-4bca-b91a-8565c0af715b">
    </UnitTestResult>
  </Results>
</TestRun>