<?xml version="1.0" encoding="UTF-8"?>
<TestRun id="1906b17e-8f07-45f7-9275-d4e2605491e8" name="CLEVERTON@CLEVERTON-PC 2013-08-22 11:20:33" runUser="CLEVERTON-PC\CLEVERTON" xmlns="http://microsoft.com/schemas/VisualStudio/TeamTest/2010">
  <TestSettings name="Default Test Settings" id="55b52946-75ee-4fdb-8d9d-6eeb2c040b23">
    <Deployment runDeploymentRoot="CLEVERTON_CLEVERTON-PC 2013-08-22 11_20_33">
      <DeploymentItem filename="C:\Users\CLEVERTON\Desktop\Paciente Virtual\Codigo\PacienteVirtual\PacienteVirtual\bin\PacienteVirtual.dll" />
    </Deployment>
    <Execution>
      <TestTypeSpecific />
      <AgentRule name="Execution Agents">
      </AgentRule>
    </Execution>
  </TestSettings>
  <Times creation="2013-08-22T11:20:33.3735470-03:00" queuing="2013-08-22T11:20:38.9248645-03:00" start="2013-08-22T11:20:38.9978687-03:00" finish="2013-08-22T11:20:40.6999660-03:00" />
  <ResultSummary outcome="Completed">
    <Counters total="2" executed="2" passed="2" error="0" failed="0" timeout="0" aborted="0" inconclusive="0" passedButRunAborted="0" notRunnable="0" notExecuted="0" disconnected="0" warning="0" completed="0" inProgress="0" pending="0" />
  </ResultSummary>
  <TestDefinitions>
    <UnitTest name="About" storage="c:\users\cleverton\desktop\paciente virtual\codigo\pacientevirtual\pacientevirtual.tests\bin\release\pacientevirtual.tests.dll" id="a78c22cf-0469-7810-bc17-f7279b0a12e1">
      <Execution id="a97b84b0-cf09-4d2c-b694-2888c8ed3ebb" />
      <TestMethod codeBase="C:/Users/CLEVERTON/Desktop/Paciente Virtual/Codigo/PacienteVirtual/PacienteVirtual.Tests/bin/Release/PacienteVirtual.Tests.DLL" adapterTypeName="Microsoft.VisualStudio.TestTools.TestTypes.Unit.UnitTestAdapter, Microsoft.VisualStudio.QualityTools.Tips.UnitTest.Adapter, Version=10.0.0.0, Culture=neutral, PublicKeyToken=b03f5f7f11d50a3a" className="PacienteVirtual.Tests.Controllers.HomeControllerTest, PacienteVirtual.Tests, Version=1.0.0.0, Culture=neutral, PublicKeyToken=null" name="About" />
    </UnitTest>
    <UnitTest name="Index" storage="c:\users\cleverton\desktop\paciente virtual\codigo\pacientevirtual\pacientevirtual.tests\bin\release\pacientevirtual.tests.dll" id="1d311554-5af1-43ff-3772-537e9ce0a1f8">
      <Execution id="c8c9c00e-3cbb-477c-bf58-a8a6eeb4ddcf" />
      <TestMethod codeBase="C:/Users/CLEVERTON/Desktop/Paciente Virtual/Codigo/PacienteVirtual/PacienteVirtual.Tests/bin/Release/PacienteVirtual.Tests.DLL" adapterTypeName="Microsoft.VisualStudio.TestTools.TestTypes.Unit.UnitTestAdapter, Microsoft.VisualStudio.QualityTools.Tips.UnitTest.Adapter, Version=10.0.0.0, Culture=neutral, PublicKeyToken=b03f5f7f11d50a3a" className="PacienteVirtual.Tests.Controllers.HomeControllerTest, PacienteVirtual.Tests, Version=1.0.0.0, Culture=neutral, PublicKeyToken=null" name="Index" />
    </UnitTest>
  </TestDefinitions>
  <TestLists>
    <TestList name="Results Not in a List" id="8c84fa94-04c1-424b-9868-57a2d4851a1d" />
    <TestList name="All Loaded Results" id="19431567-8539-422a-85d7-44ee4e166bda" />
  </TestLists>
  <TestEntries>
    <TestEntry testId="1d311554-5af1-43ff-3772-537e9ce0a1f8" executionId="c8c9c00e-3cbb-477c-bf58-a8a6eeb4ddcf" testListId="8c84fa94-04c1-424b-9868-57a2d4851a1d" />
    <TestEntry testId="a78c22cf-0469-7810-bc17-f7279b0a12e1" executionId="a97b84b0-cf09-4d2c-b694-2888c8ed3ebb" testListId="8c84fa94-04c1-424b-9868-57a2d4851a1d" />
  </TestEntries>
  <Results>
    <UnitTestResult executionId="c8c9c00e-3cbb-477c-bf58-a8a6eeb4ddcf" testId="1d311554-5af1-43ff-3772-537e9ce0a1f8" testName="Index" computerName="CLEVERTON-PC" duration="00:00:00.2921914" startTime="2013-08-22T11:20:39.2438827-03:00" endTime="2013-08-22T11:20:40.5469573-03:00" testType="13cdc9d9-ddb5-4fa4-a97d-d965ccfc6d4b" outcome="Passed" testListId="8c84fa94-04c1-424b-9868-57a2d4851a1d" relativeResultsDirectory="c8c9c00e-3cbb-477c-bf58-a8a6eeb4ddcf">
    </UnitTestResult>
    <UnitTestResult executionId="a97b84b0-cf09-4d2c-b694-2888c8ed3ebb" testId="a78c22cf-0469-7810-bc17-f7279b0a12e1" testName="About" computerName="CLEVERTON-PC" duration="00:00:00.0002766" startTime="2013-08-22T11:20:40.5559578-03:00" endTime="2013-08-22T11:20:40.5629582-03:00" testType="13cdc9d9-ddb5-4fa4-a97d-d965ccfc6d4b" outcome="Passed" testListId="8c84fa94-04c1-424b-9868-57a2d4851a1d" relativeResultsDirectory="a97b84b0-cf09-4d2c-b694-2888c8ed3ebb">
    </UnitTestResult>
  </Results>
</TestRun>